
> funnyfaceswap@1.0.0 test
> vitest run


[1m[46m RUN [49m[22m [36mv4.0.17 [39m[90mD:/FunnyFaceSwap/FunnyFaceSwap[39m

 [31mΓ¥»[39m photoProcessor.test.js [2m([22m[2m4 tests[22m[2m | [22m[31m1 failed[39m[2m)[22m[32m 13[2mms[22m[39m
[31m       [31m├ù[31m should correctly calculate the bounding box for a set of landmarks[39m[32m 10[2mms[22m[39m
       [32mΓ£ô[39m should clamp bounding box within image dimensions[32m 1[2mms[22m[39m
       [32mΓ£ô[39m should triangulate a simple square[32m 1[2mms[22m[39m
       [32mΓ£ô[39m should handle a single triangle[32m 0[2mms[22m[39m
 [32mΓ£ô[39m faceLandmarker.test.js [2m([22m[2m4 tests[22m[2m)[22m[32m 6[2mms[22m[39m
node.exe : 
At line:1 char:1
+ & "C:\Program Files
\nodejs/node.exe" "C:
\Users\coold\AppData\
Roaming\ ...
+ ~~~~~~~~~~~~~~~~~~~
~~~~~~~~~~~~~~~~~~~~~
~~~~~~~~~~~~~~~~~~~~~
~~~~~~~~
    + CategoryInfo   
           : NotSpe  
  cified: (:String   
 ) [], RemoteExce    
ption
    + FullyQualified 
   ErrorId : Native  
  CommandError
 
[31mΓÄ»ΓÄ»ΓÄ»ΓÄ»ΓÄ»Γ
Ä»ΓÄ»[39m[1m[41m 
Failed Tests 1 [49m
[22m[31mΓÄ»ΓÄ»ΓÄ»ΓÄ»
ΓÄ»ΓÄ»ΓÄ»[39m

[41m[1m FAIL 
[22m[49m photoProce
ssor.test.js[2m > [
22mPhotoProcessor[2m
 > [22mcomputeBoundi
ngBox[2m > 
[22mshould 
correctly calculate 
the bounding box for 
a set of landmarks
[31m[1mAssertionErr
or[22m: expected { 
x: +0, y: +0, width: 
22, height: 22 } to 
deeply equal { x: 
+0, y: +0, width: 
20, ΓÇª(3) }[39m

[32m- Expected[39m
[31m+ Received[39m

[2m  {[22m
[32m-   "centerX": 
10,[39m
[32m-   "centerY": 
10,[39m
[32m-   "height": 
20,[39m
[32m-   "width": 
20,[39m
[31m+   "height": 
22,[39m
[31m+   "width": 
22,[39m
[2m    "x": 0,[22m
[2m    "y": 0,[22m
[2m  }[22m

[36m [2mΓ¥»[22m ph
otoProcessor.test.js:
[2m30:26[22m[39m
    [90m 28| [39m  
          const bbox 
= PhotoProcessor.comp
uteBoundingBox(landma
rks, ΓÇª
    [90m 29| [39m
    [90m 30| [39m  
          [34mexpect
[39m(bbox)[33m.[39
m[34mtoEqual[39m({
    [90m   | [39m  
                     
  [31m^[39m
    [90m 31| [39m  
              
x[33m:[39m [34m0[
39m[33m,[39m
    [90m 32| [39m  
              
y[33m:[39m [34m0[
39m[33m,[39m

[31m[2mΓÄ»ΓÄ»ΓÄ»ΓÄ»
ΓÄ»ΓÄ»ΓÄ»ΓÄ»ΓÄ»ΓÄ»ΓÄ»
ΓÄ»ΓÄ»ΓÄ»ΓÄ»ΓÄ»ΓÄ»ΓÄ»
ΓÄ»ΓÄ»ΓÄ»ΓÄ»ΓÄ»ΓÄ»[1/
1]ΓÄ»[22m[39m


[2m Test Files [22m [1m[31m1 failed[39m[22m[2m | [22m[1m[32m1 passed[39m[22m[90m (2)[39m
[2m      Tests [22m [1m[31m1 failed[39m[22m[2m | [22m[1m[32m7 passed[39m[22m[90m (8)[39m
[2m   Start at [22m 10:30:26
[2m   Duration [22m 1.04s[2m (transform 52ms, setup 0ms, import 86ms, tests 19ms, environment 1.57s)[22m

